// Jest Snapshot v1, https://goo.gl/fbAQLP

exports[`Flex renders correctly 1`] = `
<div
  className="sc-bdVaJa kZAgjJ"
>
  Contents
</div>
`;
