// Jest Snapshot v1, https://goo.gl/fbAQLP

exports[`Loading renders correctly 1`] = `
<div
  className="sc-bwzfXH dhWCcq sc-bdVaJa kZAgjJ"
>
  <div
    className="sc-htpNat eyRmYl sc-bdVaJa kZAgjJ"
  >
    <svg
      aria-hidden="true"
      className="MuiSvgIcon-root MuiSvgIcon-fontSizeLarge"
      focusable="false"
      role="presentation"
      viewBox="0 0 24 24"
    >
      <path
        d="M12 4V1L8 5l4 4V6c3.31 0 6 2.69 6 6 0 1.01-.25 1.97-.7 2.8l1.46 1.46C19.54 15.03 20 13.57 20 12c0-4.42-3.58-8-8-8zm0 14c-3.31 0-6-2.69-6-6 0-1.01.25-1.97.7-2.8L5.24 7.74C4.46 8.97 4 10.43 4 12c0 4.42 3.58 8 8 8v3l4-4-4-4v3z"
      />
    </svg>
  </div>
  <h5
    className="MuiTypography-root MuiTypography-h4 MuiTypography-alignCenter"
  >
    Loading Pokemon list...
  </h5>
</div>
`;
